FSOT_QUANTUM_KERNEL boot
pin D1D38A trinary pathway
FPU ok
test:pack...
FSOT pack PASS
test:collapse...
FSOT collapse PASS
test:gates...
FSOT gates PASS
test:bell...
FSOT bell PASS
test:bv...
FSOT bv PASS
test:ising4...
FSOT ising4 PASS
test:fold...
FSOT fold PASS
test:cnotfold...
FSOT cnotfold PASS
test:selftest...
FSOT selftest PASS
jobs:qc_qm...
JOB dj PASS
JOB bv PASS
JOB search PASS
JOB period PASS
JOB factor PASS
JOB ising PASS
JOB chsh PASS
JOB domain PASS
JOB foldcost PASS
JOBS 9/9
FSOT_QUANTUM_JOBS PASS
FSOT_QUANTUM_KERNEL PASS
